/** Test CSS content **/
/** Public CSS content **/
/** Remote URL CSS content **/
