/** Test JS content **/
/** Public JS content **/
/** Tool JS content **/
/** Test JS content **/
/** Public JS content **/
/** Tool JS content **/
