{
    "/vendor/nova-tools/app.js": "/vendor/nova-tools/app.js?id=5b0713839043d8953f121f2a5106263e",
    "/vendor/nova-tools/app.css": "/vendor/nova-tools/app.css?id=027d63088f7ef1d0989703c31b9f9fbe"
}