/** Test CSS content **/
/** Public CSS content **/
/** Tool CSS content **/
/** Test CSS content **/
/** Public CSS content **/
/** Tool CSS content **/
