{
    "/vendor/nova-tools/app.js": "/vendor/nova-tools/app.js?id=3db5993d0a2e6999b631d53f7ebec795",
    "/vendor/nova-tools/app.css": "/vendor/nova-tools/app.css?id=76048302b8bbfa1eb4e8f82420d54476"
}