/** Test CSS content **/
/** Public CSS content **/
/** Remote URL CSS content **/
/** Tool CSS content **/
