/** Test CSS content **/
/** Public CSS content **/
