/** Test JS content **/
/** Public JS content **/
/** Remote URL JS content **/
